// Jest Snapshot v1, https://goo.gl/fbAQLP

exports[`snapshot test for Home component renders correctly 1`] = `
Array [
  <h2>
    Welcom to our page
  </h2>,
  <p>
    Lorem ipsum dolor sit amet consectetur adipisicing elit. Doloremque iusto nisi officiis, quaerat adipisci labore rem odit distinctio dignissimos impedit quae magni nemo id? Repudiandae odio ad libero ab dolorem.
  </p>,
]
`;
